// Jest Snapshot v1, https://goo.gl/fbAQLP

exports[`<Work /> Rendering should match the snapshot 1`] = `"<section id=\\"work\\" class=\\"work-0-1-1\\"><div class=\\"row\\"><div class=\\"two columns headercol-0-1-3\\"><h1><span>Work</span></h1></div><div class=\\"ten columns maincol-0-1-2\\"><div class=\\"row item\\"><div class=\\"twelve columns\\"><h3><a href=\\"https://https://www.lunalabs.it/\\">Luna Labs</a></h3><p class=\\"info-0-1-4\\">Software Analyst<span> • </span><span class=\\"infosummary-0-1-5\\">Milan, Italy</span><span> • </span><em class=\\"infosummary-0-1-5\\">04-10-2019 - Present</em></p><p class=\\"point-0-1-6\\"><span class=\\"bulletpoint-0-1-7\\">• </span>Analysis of the technical specifications of the projects and planning of development flows.</p><p class=\\"point-0-1-6\\"><span class=\\"bulletpoint-0-1-7\\">• </span>Development of the source code and creation of the architectural structure.</p><p class=\\"point-0-1-6\\"><span class=\\"bulletpoint-0-1-7\\">• </span>Supervision and maintenance of projects carried out by other teams.</p></div><hr/></div><div class=\\"row item\\"><div class=\\"twelve columns\\"><h3><a href=\\"https://www.reply.com/it/\\">Reply IrisCube</a></h3><p class=\\"info-0-1-4\\">Senior Software Engineer (Team Lead)<span> • </span><span class=\\"infosummary-0-1-5\\">Milan, Italy</span><span> • </span><em class=\\"infosummary-0-1-5\\">08-06-2015 - Present</em></p><p class=\\"point-0-1-6\\"><span class=\\"bulletpoint-0-1-7\\">• </span>He is developing part of the architectural section of an internal Intesa Sanpaolo project.</p><p class=\\"point-0-1-6\\"><span class=\\"bulletpoint-0-1-7\\">• </span>Creation of the frontend architectural structure for Nexi&#x27;s internal projects</p></div><br/></div></div></div></section>"`;
