// Jest Snapshot v1, https://goo.gl/fbAQLP

exports[`<References /> Rendering should match the snapshot 1`] = `
"<section id=\\"refs\\" class=\\"references-0-1-1\\"><div class=\\"textcontainer-0-1-2\\"><div class=\\"row\\"><div class=\\"two columns headercol-0-1-3\\"><h1><i class=\\"fa fa-quote-left citation-0-1-4\\"></i><span>References</span></h1></div><div class=\\"columns nukacontainer-0-1-5\\"><div class=\\"nukaslider-0-1-6\\"><div class=\\"slider\\" tabindex=\\"0\\" style=\\"box-sizing:border-box;display:block;height:inherit;-moz-box-sizing:border-box;position:relative;width:100%\\"><div class=\\"slider-frame\\" style=\\"box-sizing:border-box;display:block;height:100%;margin:10px;-moz-box-sizing:border-box;-ms-transform:translate(0, 0);overflow:hidden;padding:0;position:relative;touch-action:pinch-zoom pan-y;transform:translate3d(0, 0, 0);-webkit-transform:translate3d(0, 0, 0)\\"><ul class=\\"slider-list\\" style=\\"box-sizing:border-box;cursor:pointer;display:block;height:0;margin:0px -15px;padding:0;position:relative;-moz-box-sizing:border-box;-ms-transform:translate(0px, 0px);touch-action:pinch-zoom pan-y;transform:translate3d(0px, 0px, 0);-webkit-transform:translate3d(0px, 0px, 0);width:auto\\"><li class=\\"slider-slide slide-visible slide-current\\" style=\\"box-sizing:border-box;display:inline-block;height:auto;left:0;list-style-type:none;margin-bottom:auto;margin-left:15px;margin-right:15px;margin-top:auto;-moz-box-sizing:border-box;position:absolute;top:0;transform:scale(1);transition:transform .4s linear;vertical-align:top;width:0\\" tabindex=\\"-1\\"><div id=\\"Alberto Pahle\\" aria-hidden=\\"false\\" tabindex=\\"0\\"><blockquote><p>Lorem Ipsum.</p><cite>Alberto Pahle<br/>Senior Interface Developer, Fineco Bank</cite></blockquote></div></li><li class=\\"slider-slide\\" style=\\"box-sizing:border-box;display:inline-block;height:auto;left:120px;list-style-type:none;margin-bottom:auto;margin-left:15px;margin-right:15px;margin-top:auto;-moz-box-sizing:border-box;position:absolute;top:0;transform:scale(1);transition:transform .4s linear;vertical-align:top;width:0\\" tabindex=\\"-1\\"><div id=\\"Vincenzo Bonura\\" aria-hidden=\\"true\\"><blockquote><p>Lorem Ipsum Dolor Sit</p><cite>Vincenzo Bonura<br/>Responsible, Sicilian Tourist Service</cite></blockquote></div></li><li class=\\"slider-slide\\" style=\\"box-sizing:border-box;display:inline-block;height:auto;left:60px;list-style-type:none;margin-bottom:auto;margin-left:15px;margin-right:15px;margin-top:auto;-moz-box-sizing:border-box;position:absolute;top:0;transform:scale(1);transition:transform .4s linear;vertical-align:top;width:0\\" tabindex=\\"-1\\"><div id=\\"Federico Tremarco\\" aria-hidden=\\"true\\"><blockquote><p>Lorem Ipsum Dolor Sit Cillum</p><cite>Federico Tremarco<br/>Revenue Management Planning &amp; Forecasting , Alitalia s.p.a.</cite></blockquote></div></li></ul></div><style type=\\"text/css\\">.slider-slide > img { width: 100%; display: block; }
          .slider-slide > img:focus { margin: auto; }</style></div></div></div></div></div></section>"
`;
