// Jest Snapshot v1, https://goo.gl/fbAQLP

exports[`<ErrorBoundary /> displays error message on error generated by child 1`] = `
<ErrorBoundary>
  <div
    className="bigBody-0-1-2"
  >
    <div
      className="body-0-1-1"
    >
      <h2>
        Something went wrong.
      </h2>
      Error: Doh!
      <br />
      <details
        className="detailsButton-0-1-3"
      >
        
    in Something (created by ErrorBoundary)
    in ErrorBoundary (created by WrapperComponent)
    in WrapperComponent
      </details>
    </div>
  </div>
</ErrorBoundary>
`;
